[www.google-analytics.com/analytics.js]
[backblue.gif]
[fade.gif]
[index.html]
[clapat.ro/themes/nanotech/favicon.ico]
[clapat.ro/themes/nanotech/images/logo.png]
[clapat.ro/themes/nanotech/images/logo-white.png]
[clapat.ro/themes/nanotech/images/01hero.jpg]
[clapat.ro/themes/nanotech/images/02hero.jpg]
[clapat.ro/themes/nanotech/images/03hero.jpg]
[clapat.ro/themes/nanotech/images/04hero.jpg]
[clapat.ro/themes/nanotech/images/04hero.mp4]
[clapat.ro/themes/nanotech/images/05hero.jpg]
[clapat.ro/themes/nanotech/images/06hero.jpg]
[clapat.ro/themes/nanotech/images/07hero.jpg]
[clapat.ro/themes/nanotech/images/08hero.jpg]
[clapat.ro/themes/nanotech/images/09hero.jpg]
[clapat.ro/themes/nanotech/js/jquery.min.js]
[cdnjs.cloudflare.com/ajax/libs/gsap/3.11.4/gsap.min.js]
[cdnjs.cloudflare.com/ajax/libs/gsap/3.11.4/ScrollTrigger.min.js]
[cdnjs.cloudflare.com/ajax/libs/gsap/3.11.4/Flip.min.js]
[cdnjs.cloudflare.com/ajax/libs/jquery.imagesloaded/5.0.0/imagesloaded.pkgd.min.js]
[cdnjs.cloudflare.com/ajax/libs/smooth-scrollbar/8.4.0/smooth-scrollbar.js]
[clapat.ro/themes/nanotech/js/clapat.js]
[clapat.ro/themes/nanotech/js/plugins.js]
[clapat.ro/themes/nanotech/js/common.js]
[clapat.ro/themes/nanotech/js/contact.js]
[cdnjs.cloudflare.com/ajax/libs/three.js/r128/three.min.js]
[clapat.ro/themes/nanotech/js/scripts.js]
[clapat.ro/themes/nanotech/index.html]
[clapat.ro/themes/nanotech/webfonts/Mona-Sans-Medium.woff2]
[clapat.ro/themes/nanotech/webfonts/Mona-Sans-Medium.woff]
[clapat.ro/themes/nanotech/webfonts/mona-sans-extraboldwide-webfont.woff2]
[clapat.ro/themes/nanotech/webfonts/mona-sans-extraboldwide-webfont.woff]
[clapat.ro/themes/nanotech/webfonts/mona-sans-lightwide-webfont.woff2]
[clapat.ro/themes/nanotech/webfonts/mona-sans-lightwide-webfont.woff]
[clapat.ro/themes/nanotech/images/rotate.png]
[clapat.ro/themes/nanotech/style.css]
[clapat.ro/themes/nanotech/webfonts/fa-brands-400.woff2]
[clapat.ro/themes/nanotech/webfonts/fa-brands-400.ttf]
[clapat.ro/themes/nanotech/webfonts/fa-regular-400.woff2]
[clapat.ro/themes/nanotech/webfonts/fa-regular-400.ttf]
[clapat.ro/themes/nanotech/webfonts/fa-solid-900.woff2]
[clapat.ro/themes/nanotech/webfonts/fa-solid-900.ttf]
[clapat.ro/themes/nanotech/webfonts/fa-v4compatibility.woff2]
[clapat.ro/themes/nanotech/webfonts/fa-v4compatibility.ttf]
[clapat.ro/themes/nanotech/css/all.min.css]
[clapat.ro/themes/nanotech/index-highlights.html]
[clapat.ro/themes/nanotech/index-portfolio.html]
[clapat.ro/themes/nanotech/index-playground.html]
[clapat.ro/themes/nanotech/images/about.jpg]
[clapat.ro/themes/nanotech/images/about.mp4]
[clapat.ro/themes/nanotech/images/team1.jpg]
[clapat.ro/themes/nanotech/images/team2.jpg]
[clapat.ro/themes/nanotech/images/team3.jpg]
[clapat.ro/themes/nanotech/images/team4.jpg]
[clapat.ro/themes/nanotech/images/team5.jpg]
[clapat.ro/themes/nanotech/images/team6.jpg]
[clapat.ro/themes/nanotech/about.html]
[clapat.ro/themes/nanotech/resources.html]
[clapat.ro/themes/nanotech/contact.html]
[clapat.ro/themes/nanotech/images/projects/bobs01.jpg]
[clapat.ro/themes/nanotech/images/projects/bobs02.jpg]
[clapat.ro/themes/nanotech/images/projects/bobs03.jpg]
[clapat.ro/themes/nanotech/images/projects/bobs04.jpg]
[clapat.ro/themes/nanotech/images/projects/bobs05.jpg]
[clapat.ro/themes/nanotech/project01.html]
[clapat.ro/themes/nanotech/images/projects/willo01.jpg]
[clapat.ro/themes/nanotech/images/projects/willo02.jpg]
[clapat.ro/themes/nanotech/images/projects/willo03.jpg]
[clapat.ro/themes/nanotech/images/projects/willo04.jpg]
[clapat.ro/themes/nanotech/images/projects/willo05.jpg]
[clapat.ro/themes/nanotech/images/projects/willo06.jpg]
[clapat.ro/themes/nanotech/project02.html]
[clapat.ro/themes/nanotech/images/projects/infin01.jpg]
[clapat.ro/themes/nanotech/images/projects/infin02.jpg]
[clapat.ro/themes/nanotech/images/projects/infin03.jpg]
[clapat.ro/themes/nanotech/project03.html]
[clapat.ro/themes/nanotech/images/projects/astronaut01.jpg]
[clapat.ro/themes/nanotech/project04.html]
[clapat.ro/themes/nanotech/images/projects/provenance01.jpg]
[clapat.ro/themes/nanotech/images/projects/provenance02.jpg]
[clapat.ro/themes/nanotech/images/projects/provenance03.jpg]
[clapat.ro/themes/nanotech/project05.html]
[clapat.ro/themes/nanotech/images/projects/unbreak01.jpg]
[clapat.ro/themes/nanotech/images/projects/unbreak02.jpg]
[clapat.ro/themes/nanotech/images/projects/unbreak03.jpg]
[clapat.ro/themes/nanotech/project06.html]
[clapat.ro/themes/nanotech/images/projects/kouch01.jpg]
[clapat.ro/themes/nanotech/images/projects/kouch02.jpg]
[clapat.ro/themes/nanotech/images/projects/kouch03.jpg]
[clapat.ro/themes/nanotech/images/projects/kouch04.jpg]
[clapat.ro/themes/nanotech/images/projects/kouch05.jpg]
[clapat.ro/themes/nanotech/images/projects/kouch06.jpg]
[clapat.ro/themes/nanotech/images/projects/kouch07.jpg]
[clapat.ro/themes/nanotech/images/projects/kouch08.jpg]
[clapat.ro/themes/nanotech/project07.html]
[clapat.ro/themes/nanotech/images/projects/vxlab01.jpg]
[clapat.ro/themes/nanotech/images/projects/vxlab02.jpg]
[clapat.ro/themes/nanotech/images/projects/vxlab03.jpg]
[clapat.ro/themes/nanotech/images/projects/vxlab04.jpg]
[clapat.ro/themes/nanotech/project08.html]
[clapat.ro/themes/nanotech/images/projects/mimco01.jpg]
[clapat.ro/themes/nanotech/images/projects/mimco02.jpg]
[clapat.ro/themes/nanotech/images/projects/mimco03.jpg]
[clapat.ro/themes/nanotech/images/projects/mimco04.jpg]
[clapat.ro/themes/nanotech/images/projects/mimco07.jpg]
[clapat.ro/themes/nanotech/images/projects/mimco06.jpg]
[clapat.ro/themes/nanotech/images/projects/mimco05.jpg]
[clapat.ro/themes/nanotech/project09.html]
[clapat.ro/themes/nanotech/js/clapatwebgl.html]
[clapat.ro/themes/nanotech/css/content.css]
[clapat.ro/themes/nanotech/images/pixels.png]
[clapat.ro/themes/nanotech/css/showcase.css]
[clapat.ro/themes/nanotech/css/portfolio.css]
[clapat.ro/themes/nanotech/images/clients-middle.png]
[clapat.ro/themes/nanotech/images/clients-middle-white.png]
[clapat.ro/themes/nanotech/images/clients-top.png]
[clapat.ro/themes/nanotech/images/clients-top-white.png]
[clapat.ro/themes/nanotech/images/clients-bottom.png]
[clapat.ro/themes/nanotech/images/clients-bottom-white.png]
[clapat.ro/themes/nanotech/css/shortcodes.css]
[clapat.ro/themes/nanotech/css/assets.css]
[clapat.ro/themes/nanotech/index-2.html]
[clapat.ro/themes/nanotech/images/shortcodes/image01.jpg]
[clapat.ro/themes/nanotech/images/shortcodes/image02.jpg]
[clapat.ro/themes/nanotech/images/shortcodes/image03.jpg]
[clapat.ro/themes/nanotech/images/shortcodes/image04.jpg]
[clapat.ro/themes/nanotech/images/shortcodes/pinned02.jpg]
[clapat.ro/themes/nanotech/images/shortcodes/pinned01.jpg]
[clapat.ro/themes/nanotech/images/shortcodes/collage01.jpg]
[clapat.ro/themes/nanotech/images/shortcodes/collage02.jpg]
[clapat.ro/themes/nanotech/images/shortcodes/collage03.jpg]
[clapat.ro/themes/nanotech/images/shortcodes/collage04.jpg]
[clapat.ro/themes/nanotech/images/shortcodes/collage05.jpg]
[clapat.ro/themes/nanotech/images/shortcodes/collage06.jpg]
[clapat.ro/themes/nanotech/images/shortcodes/collage07.jpg]
[clapat.ro/themes/nanotech/multimedia.html]
[clapat.ro/themes/nanotech/images/shortcodes/image04.jpg]
[clapat.ro/themes/nanotech/images/client-01.png]
[clapat.ro/themes/nanotech/images/client-02.png]
[clapat.ro/themes/nanotech/images/client-03.png]
[clapat.ro/themes/nanotech/images/client-04.png]
[clapat.ro/themes/nanotech/images/client-05.png]
[clapat.ro/themes/nanotech/images/client-06.png]
[clapat.ro/themes/nanotech/images/client-07.png]
[clapat.ro/themes/nanotech/images/client-08.png]
[clapat.ro/themes/nanotech/shortcodes.html]
